  Determining projects to restore...
  All projects are up-to-date for restore.
C:\Users\Admin\Desktop\Lamnhom-net\Views\Customer\ReviewDetail.cshtml(8,43): warning CS8604: Possible null reference argument for parameter 'source' in 'double Enumerable.Average<Review>(IEnumerable<Review> source, Func<Review, int> selector)'. [C:\Users\Admin\Desktop\Lamnhom-net\PizzaDeli.csproj]
C:\Users\Admin\Desktop\Lamnhom-net\Views\Customer\ReviewDetail.cshtml(10,37): warning CS8604: Possible null reference argument for parameter 'source' in 'int Enumerable.Count<Review>(IEnumerable<Review> source, Func<Review, bool> predicate)'. [C:\Users\Admin\Desktop\Lamnhom-net\PizzaDeli.csproj]
C:\Users\Admin\Desktop\Lamnhom-net\Views\Customer\ReviewDetail.cshtml(11,37): warning CS8604: Possible null reference argument for parameter 'source' in 'int Enumerable.Count<Review>(IEnumerable<Review> source, Func<Review, bool> predicate)'. [C:\Users\Admin\Desktop\Lamnhom-net\PizzaDeli.csproj]
C:\Users\Admin\Desktop\Lamnhom-net\Views\Customer\ReviewDetail.cshtml(12,37): warning CS8604: Possible null reference argument for parameter 'source' in 'int Enumerable.Count<Review>(IEnumerable<Review> source, Func<Review, bool> predicate)'. [C:\Users\Admin\Desktop\Lamnhom-net\PizzaDeli.csproj]
C:\Users\Admin\Desktop\Lamnhom-net\Views\Customer\ReviewDetail.cshtml(13,37): warning CS8604: Possible null reference argument for parameter 'source' in 'int Enumerable.Count<Review>(IEnumerable<Review> source, Func<Review, bool> predicate)'. [C:\Users\Admin\Desktop\Lamnhom-net\PizzaDeli.csproj]
C:\Users\Admin\Desktop\Lamnhom-net\Views\Customer\ReviewDetail.cshtml(14,37): warning CS8604: Possible null reference argument for parameter 'source' in 'int Enumerable.Count<Review>(IEnumerable<Review> source, Func<Review, bool> predicate)'. [C:\Users\Admin\Desktop\Lamnhom-net\PizzaDeli.csproj]
  PizzaDeli -> C:\Users\Admin\Desktop\Lamnhom-net\bin\Debug\net9.0\PizzaDeli.dll

Build succeeded.

C:\Users\Admin\Desktop\Lamnhom-net\Views\Customer\ReviewDetail.cshtml(8,43): warning CS8604: Possible null reference argument for parameter 'source' in 'double Enumerable.Average<Review>(IEnumerable<Review> source, Func<Review, int> selector)'. [C:\Users\Admin\Desktop\Lamnhom-net\PizzaDeli.csproj]
C:\Users\Admin\Desktop\Lamnhom-net\Views\Customer\ReviewDetail.cshtml(10,37): warning CS8604: Possible null reference argument for parameter 'source' in 'int Enumerable.Count<Review>(IEnumerable<Review> source, Func<Review, bool> predicate)'. [C:\Users\Admin\Desktop\Lamnhom-net\PizzaDeli.csproj]
C:\Users\Admin\Desktop\Lamnhom-net\Views\Customer\ReviewDetail.cshtml(11,37): warning CS8604: Possible null reference argument for parameter 'source' in 'int Enumerable.Count<Review>(IEnumerable<Review> source, Func<Review, bool> predicate)'. [C:\Users\Admin\Desktop\Lamnhom-net\PizzaDeli.csproj]
C:\Users\Admin\Desktop\Lamnhom-net\Views\Customer\ReviewDetail.cshtml(12,37): warning CS8604: Possible null reference argument for parameter 'source' in 'int Enumerable.Count<Review>(IEnumerable<Review> source, Func<Review, bool> predicate)'. [C:\Users\Admin\Desktop\Lamnhom-net\PizzaDeli.csproj]
C:\Users\Admin\Desktop\Lamnhom-net\Views\Customer\ReviewDetail.cshtml(13,37): warning CS8604: Possible null reference argument for parameter 'source' in 'int Enumerable.Count<Review>(IEnumerable<Review> source, Func<Review, bool> predicate)'. [C:\Users\Admin\Desktop\Lamnhom-net\PizzaDeli.csproj]
C:\Users\Admin\Desktop\Lamnhom-net\Views\Customer\ReviewDetail.cshtml(14,37): warning CS8604: Possible null reference argument for parameter 'source' in 'int Enumerable.Count<Review>(IEnumerable<Review> source, Func<Review, bool> predicate)'. [C:\Users\Admin\Desktop\Lamnhom-net\PizzaDeli.csproj]
    6 Warning(s)
    0 Error(s)

Time Elapsed 00:00:03.92
