C:\Users\Admin\Desktop\Lamnhom-net\Program.cs(65,26): error CS0246: The type or namespace name 'User' could not be found (are you missing a using directive or an assembly reference?) [C:\Users\Admin\Desktop\Lamnhom-net\PizzaDeli.csproj]
C:\Users\Admin\Desktop\Lamnhom-net\Program.cs(80,26): error CS0246: The type or namespace name 'User' could not be found (are you missing a using directive or an assembly reference?) [C:\Users\Admin\Desktop\Lamnhom-net\PizzaDeli.csproj]

Build FAILED.
    0 Warning(s)
    2 Error(s)

Time Elapsed 00:00:02.53
